-- Catapult Ultra Synthesis: Report                                              
-- ------------------------- ---------------------------------------------------
-- Version:                  2025.2_1/1197638 Production Release                 
-- Build Date:               Thu Jun 12 00:48:01 PDT 2025                        
                                                                                 
-- Generated by:             soc_lab_LMJ@ssu_soc_lab                             
-- Generated date:           Thu Feb 19 17:45:08 KST 2026                        

Solution Settings: GPTBackbonePhase3.v1
  Current state: schedule
  Project: gpt_backbone_phase3

Design Input Files Specified
  $PROJECT_HOME/src/GPT_src/gpt_backbone_phase3.cpp
    $PROJECT_HOME/src/GPT_src/gpt_backbone_phase3.h
      $PROJECT_HOME/src/GPT_src/gpt_backbone_phase3_config.h
        $PROJECT_HOME/src/stem/stem_config.h
          $MGC_HOME/shared/include/ac_int.h
          $MGC_HOME/shared/include/ac_channel.h
    $PROJECT_HOME/src/GPT_src/gpt_backbone_phase3_kernels.h
  $PROJECT_HOME/src/GPT_src/gpt_backbone_phase3_tb.cpp

Processes/Blocks in Design
  Process                Real Operation(s) count   Latency Throughput Reset Length II Comments 
  ---------------------- ----------------------- --------- ---------- ------------ -- --------
  /GPTBackbonePhase3/run                    4876 848724290  848724293      1351681  0          
  Design Total:                             4876 848724290  848724293      1351681  0          
  
Clock Information
  Clock Signal Edge   Period Sharing Alloc (%) Uncertainty Used by Processes/Blocks 
  ------------ ------ ------ ----------------- ----------- ------------------------
  clk          rising  3.330              0.00    0.000000 /GPTBackbonePhase3/run   
  
I/O Data Ranges
  Port                  Mode DeclType DeclWidth DeclRange ActType ActWidth ActRange 
  --------------------- ---- -------- --------- --------- ------- -------- --------
  clk                   IN   Unsigned         1                                     
  rst                   IN   Unsigned         1                                     
  input_stream:rsc.dat  IN   Unsigned       512                                     
  input_stream:rsc.vld  IN   Unsigned         1                                     
  weight_stream:rsc.dat IN   Unsigned        64                                     
  weight_stream:rsc.vld IN   Unsigned         1                                     
  p3_stream:rsc.rdy     IN   Unsigned         1                                     
  p4_stream:rsc.rdy     IN   Unsigned         1                                     
  p5_stream:rsc.rdy     IN   Unsigned         1                                     
  input_stream:rsc.rdy  OUT  Unsigned         1                                     
  weight_stream:rsc.rdy OUT  Unsigned         1                                     
  p3_stream:rsc.dat     OUT  Unsigned       512                                     
  p3_stream:rsc.vld     OUT  Unsigned         1                                     
  p4_stream:rsc.dat     OUT  Unsigned       512                                     
  p4_stream:rsc.vld     OUT  Unsigned         1                                     
  p5_stream:rsc.dat     OUT  Unsigned       512                                     
  p5_stream:rsc.vld     OUT  Unsigned         1                                     
  
Memory Resources
  Resource Name: /GPTBackbonePhase3/run/b2_w_ds:rsc
    Memory Component: BLOCK_1R1W_RBW               Size:         73728 x 1
    External:         false                        Packing Mode: compact
    Memory Map:
    Variable                       Indices Phys Memory Address         
    ------------------------------ ------- ---------------------------
    /GPTBackbonePhase3/run/b2_w_ds     0:0 00011fff-00000000 (73727-0) 
    
  Resource Name: /GPTBackbonePhase3/run/b2_w_c3a1:rsc
    Memory Component: BLOCK_1R1W_RBW               Size:         16384 x 1
    External:         false                        Packing Mode: compact
    Memory Map:
    Variable                         Indices Phys Memory Address         
    -------------------------------- ------- ---------------------------
    /GPTBackbonePhase3/run/b2_w_c3a1     0:0 00003fff-00000000 (16383-0) 
    
  Resource Name: /GPTBackbonePhase3/run/b2_w_c3a2:rsc
    Memory Component: BLOCK_1R1W_RBW               Size:         73728 x 1
    External:         false                        Packing Mode: compact
    Memory Map:
    Variable                         Indices Phys Memory Address         
    -------------------------------- ------- ---------------------------
    /GPTBackbonePhase3/run/b2_w_c3a2     0:0 00011fff-00000000 (73727-0) 
    
  Resource Name: /GPTBackbonePhase3/run/b2_w_c3b1:rsc
    Memory Component: BLOCK_1R1W_RBW               Size:         16384 x 1
    External:         false                        Packing Mode: compact
    Memory Map:
    Variable                         Indices Phys Memory Address         
    -------------------------------- ------- ---------------------------
    /GPTBackbonePhase3/run/b2_w_c3b1     0:0 00003fff-00000000 (16383-0) 
    
  Resource Name: /GPTBackbonePhase3/run/b2_w_ccat:rsc
    Memory Component: BLOCK_1R1W_RBW               Size:         32768 x 1
    External:         false                        Packing Mode: compact
    Memory Map:
    Variable                         Indices Phys Memory Address         
    -------------------------------- ------- ---------------------------
    /GPTBackbonePhase3/run/b2_w_ccat     0:0 00007fff-00000000 (32767-0) 
    
  Resource Name: /GPTBackbonePhase3/run/b2_input_buf:rsc
    Memory Component: BLOCK_1R1W_RBW               Size:         409600 x 8
    External:         false                        Packing Mode: compact
    Memory Map:
    Variable                            Indices Phys Memory Address          
    ----------------------------------- ------- ----------------------------
    /GPTBackbonePhase3/run/b2_input_buf     0:7 00063fff-00000000 (409599-0) 
    
  Resource Name: /GPTBackbonePhase3/run/b2_ds_out_buf:rsc
    Memory Component: BLOCK_1R1W_RBW               Size:         204800 x 8
    External:         false                        Packing Mode: compact
    Memory Map:
    Variable                             Indices Phys Memory Address          
    ------------------------------------ ------- ----------------------------
    /GPTBackbonePhase3/run/b2_ds_out_buf     0:7 00031fff-00000000 (204799-0) 
    
  Resource Name: /GPTBackbonePhase3/run/b2_c3_in_buf:rsc
    Memory Component: BLOCK_1R1W_RBW               Size:         204800 x 8
    External:         false                        Packing Mode: compact
    Memory Map:
    Variable                            Indices Phys Memory Address          
    ----------------------------------- ------- ----------------------------
    /GPTBackbonePhase3/run/b2_c3_in_buf     0:7 00031fff-00000000 (204799-0) 
    
  Resource Name: /GPTBackbonePhase3/run/b2_a1_buf:rsc
    Memory Component: BLOCK_1R1W_RBW               Size:         102400 x 8
    External:         false                        Packing Mode: compact
    Memory Map:
    Variable                         Indices Phys Memory Address          
    -------------------------------- ------- ----------------------------
    /GPTBackbonePhase3/run/b2_a1_buf     0:7 00018fff-00000000 (102399-0) 
    
  Resource Name: /GPTBackbonePhase3/run/b2_a2_buf:rsc
    Memory Component: BLOCK_1R1W_RBW               Size:         102400 x 8
    External:         false                        Packing Mode: compact
    Memory Map:
    Variable                         Indices Phys Memory Address          
    -------------------------------- ------- ----------------------------
    /GPTBackbonePhase3/run/b2_a2_buf     0:7 00018fff-00000000 (102399-0) 
    
  Resource Name: /GPTBackbonePhase3/run/b2_b1_buf:rsc
    Memory Component: BLOCK_1R1W_RBW               Size:         102400 x 8
    External:         false                        Packing Mode: compact
    Memory Map:
    Variable                         Indices Phys Memory Address          
    -------------------------------- ------- ----------------------------
    /GPTBackbonePhase3/run/b2_b1_buf     0:7 00018fff-00000000 (102399-0) 
    
  Resource Name: /GPTBackbonePhase3/run/b2_cat_buf:rsc
    Memory Component: BLOCK_1R1W_RBW               Size:         204800 x 8
    External:         false                        Packing Mode: compact
    Memory Map:
    Variable                          Indices Phys Memory Address          
    --------------------------------- ------- ----------------------------
    /GPTBackbonePhase3/run/b2_cat_buf     0:7 00031fff-00000000 (204799-0) 
    
  Resource Name: /GPTBackbonePhase3/run/b2_c3_out_buf:rsc
    Memory Component: BLOCK_1R1W_RBW               Size:         204800 x 8
    External:         false                        Packing Mode: compact
    Memory Map:
    Variable                             Indices Phys Memory Address          
    ------------------------------------ ------- ----------------------------
    /GPTBackbonePhase3/run/b2_c3_out_buf     0:7 00031fff-00000000 (204799-0) 
    
  Resource Name: /GPTBackbonePhase3/run/p4_buf:rsc
    Memory Component: BLOCK_1R1W_RBW               Size:         102400 x 8
    External:         false                        Packing Mode: compact
    Memory Map:
    Variable                      Indices Phys Memory Address          
    ----------------------------- ------- ----------------------------
    /GPTBackbonePhase3/run/p4_buf     0:7 00018fff-00000000 (102399-0) 
    
  Resource Name: /GPTBackbonePhase3/input_stream:rsc
    Memory Component: ccs_ctrl_in_buf_wait         Size:         1 x 512
    External:         true                         Packing Mode: sidebyside
    Memory Map:
    Variable                        Indices Phys Memory Address     
    ------------------------------- ------- -----------------------
    /GPTBackbonePhase3/input_stream   0:511 00000000-00000000 (0-0) 
    
  Resource Name: /GPTBackbonePhase3/weight_stream:rsc
    Memory Component: ccs_ctrl_in_buf_wait         Size:         1 x 64
    External:         true                         Packing Mode: sidebyside
    Memory Map:
    Variable                         Indices Phys Memory Address     
    -------------------------------- ------- -----------------------
    /GPTBackbonePhase3/weight_stream    0:63 00000000-00000000 (0-0) 
    
  Resource Name: /GPTBackbonePhase3/p3_stream:rsc
    Memory Component: ccs_out_buf_wait             Size:         1 x 512
    External:         true                         Packing Mode: sidebyside
    Memory Map:
    Variable                     Indices Phys Memory Address     
    ---------------------------- ------- -----------------------
    /GPTBackbonePhase3/p3_stream   0:511 00000000-00000000 (0-0) 
    
  Resource Name: /GPTBackbonePhase3/p4_stream:rsc
    Memory Component: ccs_out_buf_wait             Size:         1 x 512
    External:         true                         Packing Mode: sidebyside
    Memory Map:
    Variable                     Indices Phys Memory Address     
    ---------------------------- ------- -----------------------
    /GPTBackbonePhase3/p4_stream   0:511 00000000-00000000 (0-0) 
    
  Resource Name: /GPTBackbonePhase3/p5_stream:rsc
    Memory Component: ccs_out_buf_wait             Size:         1 x 512
    External:         true                         Packing Mode: sidebyside
    Memory Map:
    Variable                     Indices Phys Memory Address     
    ---------------------------- ------- -----------------------
    /GPTBackbonePhase3/p5_stream   0:511 00000000-00000000 (0-0) 
    
C++ to Interface Mappings
  Resource/Fields C++ Type Interface Range Range Expression(x) x=step+offset Expression Limits 
  --------------- -------- --------------- ------------------- ------------- -----------------
  
Multi-Cycle (Combinational) Component Usage
  Instance Component Name Cycles 
  -------- -------------- ------
  
Loops
  Process                Loop                                                   Iterations C-Steps Total Cycles    Duration  Unroll Init     Comments 
  ---------------------- ------------------------------------------------------ ---------- ------- ------------- ----------- ------ ---- ------------
  /GPTBackbonePhase3/run run:rlp                                                  Infinite       1    850075974    2.83 sec                           
  /GPTBackbonePhase3/run  b2_w_ds:vinit                                              73728       2      (147456) (491.03 us)             reset action 
  /GPTBackbonePhase3/run  b2_w_c3a1:vinit                                            16384       2       (32768) (109.12 us)             reset action 
  /GPTBackbonePhase3/run  b2_w_c3a2:vinit                                            73728       2      (147456) (491.03 us)             reset action 
  /GPTBackbonePhase3/run  b2_input_buf:vinit                                        409600       2      (819200)   (2.73 ms)             reset action 
  /GPTBackbonePhase3/run  p4_buf:vinit                                              102400       2      (204800) (681.98 us)             reset action 
  /GPTBackbonePhase3/run  main                                                    Infinite       1    848724293    2.83 sec                           
  /GPTBackbonePhase3/run   load_block2_weights:for                                     128       1       188544   627.85 us                           
  /GPTBackbonePhase3/run    load_block2_weights:for:for                                 64       2         1472     4.90 us                           
  /GPTBackbonePhase3/run     load_block2_weights:for:for:for                             3       1           21    69.93 ns                           
  /GPTBackbonePhase3/run      load_block2_weights:for:for:for:for                        3       2            6    19.98 ns                           
  /GPTBackbonePhase3/run   load_block2_weights:for#1                                   128       1          128   426.24 ns                           
  /GPTBackbonePhase3/run   load_block2_weights:for#2                                     2       1       321794     1.07 ms                           
  /GPTBackbonePhase3/run    load_block2_weights:for#2:for                               64       1        16576    55.20 us                           
  /GPTBackbonePhase3/run     load_block2_weights:for#2:for:for                           2       1          258   859.14 ns                           
  /GPTBackbonePhase3/run      load_block2_weights:for#2:for:for:for                     64       2          128   426.24 ns                           
  /GPTBackbonePhase3/run    load_block2_weights:for#2:for#1                             64       1           64   213.12 ns                           
  /GPTBackbonePhase3/run    load_block2_weights:for#2:for#2                             64       1        94272   313.93 us                           
  /GPTBackbonePhase3/run     load_block2_weights:for#2:for#2:for                        64       2         1472     4.90 us                           
  /GPTBackbonePhase3/run      load_block2_weights:for#2:for#2:for:for                    3       1           21    69.93 ns                           
  /GPTBackbonePhase3/run       load_block2_weights:for#2:for#2:for:for:for               3       2            6    19.98 ns                           
  /GPTBackbonePhase3/run    load_block2_weights:for#2:for#3                             64       1           64   213.12 ns                           
  /GPTBackbonePhase3/run    load_block2_weights:for#2:for#4                             64       1        16576    55.20 us                           
  /GPTBackbonePhase3/run     load_block2_weights:for#2:for#4:for                         2       1          258   859.14 ns                           
  /GPTBackbonePhase3/run      load_block2_weights:for#2:for#4:for:for                   64       2          128   426.24 ns                           
  /GPTBackbonePhase3/run    load_block2_weights:for#2:for#5                             64       1           64   213.12 ns                           
  /GPTBackbonePhase3/run    load_block2_weights:for#2:for#6                            128       1        33152   110.40 us                           
  /GPTBackbonePhase3/run     load_block2_weights:for#2:for#6:for                         2       1          258   859.14 ns                           
  /GPTBackbonePhase3/run      load_block2_weights:for#2:for#6:for:for                   64       2          128   426.24 ns                           
  /GPTBackbonePhase3/run    load_block2_weights:for#2:for#7                            128       1          128   426.24 ns                           
  /GPTBackbonePhase3/run   read_block2_input:for                                        80       1       832080     2.77 ms                           
  /GPTBackbonePhase3/run    read_block2_input:for:for                                   80       2        10400    34.63 us                           
  /GPTBackbonePhase3/run     read_block2_input:for:for:for                              64       2          128   426.24 ns                           
  /GPTBackbonePhase3/run   run_block2_ds:for                                            40       1    289179240   962.97 ms                           
  /GPTBackbonePhase3/run    run_block2_ds:for:for                                       40       1      7229480    24.07 ms                           
  /GPTBackbonePhase3/run     run_block2_ds:for:for:for                                 128       4       180736   601.85 us                           
  /GPTBackbonePhase3/run      run_block2_ds:for:for:for:for                             64       1         1408     4.69 us                           
  /GPTBackbonePhase3/run       run_block2_ds:for:for:for:for:for                         3       1           21    69.93 ns                           
  /GPTBackbonePhase3/run        run_block2_ds:for:for:for:for:for:for                    3       2            6    19.98 ns                           
  /GPTBackbonePhase3/run   copy_ds_to_c3_input:for                                      40       1       616040     2.05 ms                           
  /GPTBackbonePhase3/run    copy_ds_to_c3_input:for:for                                 40       1        15400    51.28 us                           
  /GPTBackbonePhase3/run     copy_ds_to_c3_input:for:for:for                           128       3          384     1.28 us                           
  /GPTBackbonePhase3/run   for                                                           2       1    556662802    1.85 sec                           
  /GPTBackbonePhase3/run    run_block2_c3_repeat:for                                    40       1     39732840   132.31 ms                           
  /GPTBackbonePhase3/run     run_block2_c3_repeat:for:for                               40       1       993320     3.31 ms                           
  /GPTBackbonePhase3/run      run_block2_c3_repeat:for:for:for                          64       4        24832    82.69 us                           
  /GPTBackbonePhase3/run       run_block2_c3_repeat:for:for:for:for                    128       3          384     1.28 us                           
  /GPTBackbonePhase3/run    run_block2_c3_repeat:for#1                                  40       1    184321640   613.79 ms                           
  /GPTBackbonePhase3/run     run_block2_c3_repeat:for#1:for                             40       1      4608040    15.34 ms                           
  /GPTBackbonePhase3/run      run_block2_c3_repeat:for#1:for:for                        64       8       115200   383.62 us                           
  /GPTBackbonePhase3/run       run_block2_c3_repeat:for#1:for:for:for                   64       1         1408     4.69 us                           
  /GPTBackbonePhase3/run        run_block2_c3_repeat:for#1:for:for:for:for               3       1           21    69.93 ns                           
  /GPTBackbonePhase3/run         run_block2_c3_repeat:for#1:for:for:for:for:for          3       2            6    19.98 ns                           
  /GPTBackbonePhase3/run       run_block2_c3_repeat:for#2:for:for:for                  128       3          384     1.28 us                           
  /GPTBackbonePhase3/run    run_block2_c3_repeat:for#3                                  40       1       411240     1.37 ms                           
  /GPTBackbonePhase3/run     run_block2_c3_repeat:for#3:for                             40       1        10280    34.23 us                           
  /GPTBackbonePhase3/run      run_block2_c3_repeat:for#3:for:for                        64       4          256   852.48 ns                           
  /GPTBackbonePhase3/run    run_block2_c3_repeat:for#4                                  40       1     53249640   177.32 ms                           
  /GPTBackbonePhase3/run     run_block2_c3_repeat:for#4:for                             40       1      1331240     4.43 ms                           
  /GPTBackbonePhase3/run      run_block2_c3_repeat:for#4:for:for                       128       4        33280   110.82 us                           
  /GPTBackbonePhase3/run       run_block2_c3_repeat:for#4:for:for:for                  128       2          256   852.48 ns                           
  /GPTBackbonePhase3/run    run_block2_c3_repeat:for#5                                  40       1       616040     2.05 ms                           
  /GPTBackbonePhase3/run     run_block2_c3_repeat:for#5:for                             40       1        15400    51.28 us                           
  /GPTBackbonePhase3/run      run_block2_c3_repeat:for#5:for:for                       128       3          384     1.28 us                           
  /GPTBackbonePhase3/run   write_p3:for                                                 40       1       211240   703.43 us                           
  /GPTBackbonePhase3/run    write_p3:for:for                                            40     132         5280    17.58 us                           
  /GPTBackbonePhase3/run   drain_weight_packs:for                                    90240       1        90240   300.50 us                           
  /GPTBackbonePhase3/run   emit_p4_skeleton:for                                         20       1       514420     1.71 ms                           
  /GPTBackbonePhase3/run    emit_p4_skeleton:for:for                                    20     262        25720    85.65 us                           
  /GPTBackbonePhase3/run     emit_p4_skeleton:for:for:for                              256       4         1024     3.41 us                           
  /GPTBackbonePhase3/run   drain_weight_packs#1:for                                   2944       1         2944     9.80 us                           
  /GPTBackbonePhase3/run   emit_p5_skeleton:for                                         20       1       104820   349.05 us                           
  /GPTBackbonePhase3/run    emit_p5_skeleton:for:for                                    20     262         5240    17.45 us                           
  
Loop Execution Profile
  Process                Loop                                                   Total Cycles % of Overall Design Cycles Throughput Cycles     Comments 
  ---------------------- ------------------------------------------------------ ------------ -------------------------- ----------------- ------------
  /GPTBackbonePhase3/run run:rlp                                                          1                        0.00        848724293               
  /GPTBackbonePhase3/run  b2_w_ds:vinit                                             (147456)                       0.00          (147456) reset action 
  /GPTBackbonePhase3/run  b2_w_c3a1:vinit                                            (32768)                       0.00           (32768) reset action 
  /GPTBackbonePhase3/run  b2_w_c3a2:vinit                                           (147456)                       0.00          (147456) reset action 
  /GPTBackbonePhase3/run  b2_input_buf:vinit                                        (819200)                       0.00          (819200) reset action 
  /GPTBackbonePhase3/run  p4_buf:vinit                                              (204800)                       0.00          (204800) reset action 
  /GPTBackbonePhase3/run  main                                                            1                        0.00        848724293               
  /GPTBackbonePhase3/run   load_block2_weights:for                                      128                        0.00           188544               
  /GPTBackbonePhase3/run    load_block2_weights:for:for                               16384                        0.00           188416               
  /GPTBackbonePhase3/run     load_block2_weights:for:for:for                          24576                        0.00           172032               
  /GPTBackbonePhase3/run      load_block2_weights:for:for:for:for                    147456                        0.02           147456               
  /GPTBackbonePhase3/run   load_block2_weights:for#1                                    128                        0.00              128               
  /GPTBackbonePhase3/run   load_block2_weights:for#2                                      2                        0.00           321794               
  /GPTBackbonePhase3/run    load_block2_weights:for#2:for                               128                        0.00            33152               
  /GPTBackbonePhase3/run     load_block2_weights:for#2:for:for                          256                        0.00            33024               
  /GPTBackbonePhase3/run      load_block2_weights:for#2:for:for:for                   32768                        0.00            32768               
  /GPTBackbonePhase3/run    load_block2_weights:for#2:for#1                             128                        0.00              128               
  /GPTBackbonePhase3/run    load_block2_weights:for#2:for#2                             128                        0.00           188544               
  /GPTBackbonePhase3/run     load_block2_weights:for#2:for#2:for                      16384                        0.00           188416               
  /GPTBackbonePhase3/run      load_block2_weights:for#2:for#2:for:for                 24576                        0.00           172032               
  /GPTBackbonePhase3/run       load_block2_weights:for#2:for#2:for:for:for           147456                        0.02           147456               
  /GPTBackbonePhase3/run    load_block2_weights:for#2:for#3                             128                        0.00              128               
  /GPTBackbonePhase3/run    load_block2_weights:for#2:for#4                             128                        0.00            33152               
  /GPTBackbonePhase3/run     load_block2_weights:for#2:for#4:for                        256                        0.00            33024               
  /GPTBackbonePhase3/run      load_block2_weights:for#2:for#4:for:for                 32768                        0.00            32768               
  /GPTBackbonePhase3/run    load_block2_weights:for#2:for#5                             128                        0.00              128               
  /GPTBackbonePhase3/run    load_block2_weights:for#2:for#6                             256                        0.00            66304               
  /GPTBackbonePhase3/run     load_block2_weights:for#2:for#6:for                        512                        0.00            66048               
  /GPTBackbonePhase3/run      load_block2_weights:for#2:for#6:for:for                 65536                        0.01            65536               
  /GPTBackbonePhase3/run    load_block2_weights:for#2:for#7                             256                        0.00              256               
  /GPTBackbonePhase3/run   read_block2_input:for                                         80                        0.00           832080               
  /GPTBackbonePhase3/run    read_block2_input:for:for                                 12800                        0.00           832000               
  /GPTBackbonePhase3/run     read_block2_input:for:for:for                           819200                        0.10           819200               
  /GPTBackbonePhase3/run   run_block2_ds:for                                             40                        0.00        289179240               
  /GPTBackbonePhase3/run    run_block2_ds:for:for                                      1600                        0.00        289179200               
  /GPTBackbonePhase3/run     run_block2_ds:for:for:for                               819200                        0.10        289177600               
  /GPTBackbonePhase3/run      run_block2_ds:for:for:for:for                        13107200                        1.54        288358400               
  /GPTBackbonePhase3/run       run_block2_ds:for:for:for:for:for                   39321600                        4.63        275251200               
  /GPTBackbonePhase3/run        run_block2_ds:for:for:for:for:for:for             235929600                       27.75        235929600               
  /GPTBackbonePhase3/run   copy_ds_to_c3_input:for                                       40                        0.00           616040               
  /GPTBackbonePhase3/run    copy_ds_to_c3_input:for:for                                1600                        0.00           616000               
  /GPTBackbonePhase3/run     copy_ds_to_c3_input:for:for:for                         614400                        0.07           614400               
  /GPTBackbonePhase3/run   for                                                            2                        0.00        556662802               
  /GPTBackbonePhase3/run    run_block2_c3_repeat:for                                     80                        0.00         79465680               
  /GPTBackbonePhase3/run     run_block2_c3_repeat:for:for                              3200                        0.00         79465600               
  /GPTBackbonePhase3/run      run_block2_c3_repeat:for:for:for                       819200                        0.10         79462400               
  /GPTBackbonePhase3/run       run_block2_c3_repeat:for:for:for:for                78643200                        9.25         78643200               
  /GPTBackbonePhase3/run    run_block2_c3_repeat:for#1                                   80                        0.00        368643280               
  /GPTBackbonePhase3/run     run_block2_c3_repeat:for#1:for                            3200                        0.00        368643200               
  /GPTBackbonePhase3/run      run_block2_c3_repeat:for#1:for:for                    1638400                        0.19        368640000               
  /GPTBackbonePhase3/run       run_block2_c3_repeat:for#1:for:for:for              13107200                        1.54        288358400               
  /GPTBackbonePhase3/run        run_block2_c3_repeat:for#1:for:for:for:for         39321600                        4.63        275251200               
  /GPTBackbonePhase3/run         run_block2_c3_repeat:for#1:for:for:for:for:for   235929600                       27.75        235929600               
  /GPTBackbonePhase3/run       run_block2_c3_repeat:for#2:for:for:for              78643200                        9.25         78643200               
  /GPTBackbonePhase3/run    run_block2_c3_repeat:for#3                                   80                        0.00           822480               
  /GPTBackbonePhase3/run     run_block2_c3_repeat:for#3:for                            3200                        0.00           822400               
  /GPTBackbonePhase3/run      run_block2_c3_repeat:for#3:for:for                     819200                        0.10           819200               
  /GPTBackbonePhase3/run    run_block2_c3_repeat:for#4                                   80                        0.00        106499280               
  /GPTBackbonePhase3/run     run_block2_c3_repeat:for#4:for                            3200                        0.00        106499200               
  /GPTBackbonePhase3/run      run_block2_c3_repeat:for#4:for:for                    1638400                        0.19        106496000               
  /GPTBackbonePhase3/run       run_block2_c3_repeat:for#4:for:for:for             104857600                       12.34        104857600               
  /GPTBackbonePhase3/run    run_block2_c3_repeat:for#5                                   80                        0.00          1232080               
  /GPTBackbonePhase3/run     run_block2_c3_repeat:for#5:for                            3200                        0.00          1232000               
  /GPTBackbonePhase3/run      run_block2_c3_repeat:for#5:for:for                    1228800                        0.14          1228800               
  /GPTBackbonePhase3/run   write_p3:for                                                  40                        0.00           211240               
  /GPTBackbonePhase3/run    write_p3:for:for                                         211200                        0.02           211200               
  /GPTBackbonePhase3/run   drain_weight_packs:for                                     90240                        0.01            90240               
  /GPTBackbonePhase3/run   emit_p4_skeleton:for                                          20                        0.00           514420               
  /GPTBackbonePhase3/run    emit_p4_skeleton:for:for                                 104800                        0.01           514400               
  /GPTBackbonePhase3/run     emit_p4_skeleton:for:for:for                            409600                        0.05           409600               
  /GPTBackbonePhase3/run   drain_weight_packs#1:for                                    2944                        0.00             2944               
  /GPTBackbonePhase3/run   emit_p5_skeleton:for                                          20                        0.00           104820               
  /GPTBackbonePhase3/run    emit_p5_skeleton:for:for                                 104800                        0.01           104800               
  
End of Report
